This is pdfTeX, Version 3.141592653-2.6-1.40.25 (TeX Live 2023/Debian) (preloaded format=pdflatex 2026.4.24)  28 MAY 2026 07:06
entering extended mode
 restricted \write18 enabled.
 file:line:error style messages enabled.
 %&-line parsing enabled.
**/home/giosreina/Documentos/SextoSemestre/BaseDeDatos/proyecto/RecipeBook/docs/RecipeBook_DB_Documentation.tex
(/home/giosreina/Documentos/SextoSemestre/BaseDeDatos/proyecto/RecipeBook/docs/RecipeBook_DB_Documentation.tex
LaTeX2e <2023-11-01> patch level 1
L3 programming layer <2024-01-22>
(/usr/share/texlive/texmf-dist/tex/latex/base/article.cls
Document Class: article 2023/05/17 v1.4n Standard LaTeX document class
(/usr/share/texlive/texmf-dist/tex/latex/base/size12.clo
File: size12.clo 2023/05/17 v1.4n Standard LaTeX file (size option)
)
\c@part=\count187
\c@section=\count188
\c@subsection=\count189
\c@subsubsection=\count190
\c@paragraph=\count191
\c@subparagraph=\count192
\c@figure=\count193
\c@table=\count194
\abovecaptionskip=\skip48
\belowcaptionskip=\skip49
\bibindent=\dimen140
) (/usr/share/texlive/texmf-dist/tex/latex/base/inputenc.sty
Package: inputenc 2021/02/14 v1.3d Input encoding file
\inpenc@prehook=\toks17
\inpenc@posthook=\toks18
) (/usr/share/texlive/texmf-dist/tex/latex/base/fontenc.sty
Package: fontenc 2021/04/29 v2.0v Standard LaTeX package
) (/usr/share/texlive/texmf-dist/tex/generic/babel/babel.sty
Package: babel 2024/01/07 v24.1 The Babel package
\babel@savecnt=\count195
\U@D=\dimen141
\l@unhyphenated=\language89
 (/usr/share/texlive/texmf-dist/tex/generic/babel/txtbabel.def)
\bbl@readstream=\read2
\bbl@dirlevel=\count196
 (/usr/share/texlive/texmf-dist/tex/generic/babel-spanish/spanish.ldf
Language: spanish.ldf 2021/05/27 v5.0q Spanish support from the babel system
\es@quottoks=\toks19
\es@quotdepth=\count197
Package babel Info: Making " an active character on input line 570.
Package babel Info: Making . an active character on input line 675.
Package babel Info: Making < an active character on input line 722.
Package babel Info: Making > an active character on input line 722.
)) (/usr/share/texlive/texmf-dist/tex/generic/babel/locale/es/babel-spanish.tex
Package babel Info: Importing font and identification data for spanish
(babel)             from babel-es.ini. Reported on input line 11.
) (/usr/share/texlive/texmf-dist/tex/latex/geometry/geometry.sty
Package: geometry 2020/01/02 v5.9 Page Geometry
 (/usr/share/texlive/texmf-dist/tex/latex/graphics/keyval.sty
Package: keyval 2022/05/29 v1.15 key=value parser (DPC)
\KV@toks@=\toks20
) (/usr/share/texlive/texmf-dist/tex/generic/iftex/ifvtex.sty
Package: ifvtex 2019/10/25 v1.7 ifvtex legacy package. Use iftex instead.
 (/usr/share/texlive/texmf-dist/tex/generic/iftex/iftex.sty
Package: iftex 2022/02/03 v1.0f TeX engine tests
))
\Gm@cnth=\count198
\Gm@cntv=\count199
\c@Gm@tempcnt=\count266
\Gm@bindingoffset=\dimen142
\Gm@wd@mp=\dimen143
\Gm@odd@mp=\dimen144
\Gm@even@mp=\dimen145
\Gm@layoutwidth=\dimen146
\Gm@layoutheight=\dimen147
\Gm@layouthoffset=\dimen148
\Gm@layoutvoffset=\dimen149
\Gm@dimlist=\toks21
) (/usr/share/texlive/texmf-dist/tex/latex/tools/longtable.sty
Package: longtable 2023-11-01 v4.19 Multi-page Table package (DPC)
\LTleft=\skip50
\LTright=\skip51
\LTpre=\skip52
\LTpost=\skip53
\LTchunksize=\count267
\LTcapwidth=\dimen150
\LT@head=\box51
\LT@firsthead=\box52
\LT@foot=\box53
\LT@lastfoot=\box54
\LT@gbox=\box55
\LT@cols=\count268
\LT@rows=\count269
\c@LT@tables=\count270
\c@LT@chunks=\count271
\LT@p@ftn=\toks22
) (/usr/share/texlive/texmf-dist/tex/latex/tools/array.sty
Package: array 2023/10/16 v2.5g Tabular extension package (FMi)
\col@sep=\dimen151
\ar@mcellbox=\box56
\extrarowheight=\dimen152
\NC@list=\toks23
\extratabsurround=\skip54
\backup@length=\skip55
\ar@cellbox=\box57
) (/usr/share/texlive/texmf-dist/tex/latex/booktabs/booktabs.sty
Package: booktabs 2020/01/12 v1.61803398 Publication quality tables
\heavyrulewidth=\dimen153
\lightrulewidth=\dimen154
\cmidrulewidth=\dimen155
\belowrulesep=\dimen156
\belowbottomsep=\dimen157
\aboverulesep=\dimen158
\abovetopsep=\dimen159
\cmidrulesep=\dimen160
\cmidrulekern=\dimen161
\defaultaddspace=\dimen162
\@cmidla=\count272
\@cmidlb=\count273
\@aboverulesep=\dimen163
\@belowrulesep=\dimen164
\@thisruleclass=\count274
\@lastruleclass=\count275
\@thisrulewidth=\dimen165
) (/usr/share/texlive/texmf-dist/tex/latex/tools/tabularx.sty
Package: tabularx 2023/07/08 v2.11c `tabularx' package (DPC)
\TX@col@width=\dimen166
\TX@old@table=\dimen167
\TX@old@col=\dimen168
\TX@target=\dimen169
\TX@delta=\dimen170
\TX@cols=\count276
\TX@ftn=\toks24
) (/usr/share/texlive/texmf-dist/tex/latex/titlesec/titlesec.sty
Package: titlesec 2023/10/27 v2.16 Sectioning titles
\ttl@box=\box58
\beforetitleunit=\skip56
\aftertitleunit=\skip57
\ttl@plus=\dimen171
\ttl@minus=\dimen172
\ttl@toksa=\toks25
\titlewidth=\dimen173
\titlewidthlast=\dimen174
\titlewidthfirst=\dimen175
) (/usr/share/texlive/texmf-dist/tex/latex/graphics/graphicx.sty
Package: graphicx 2021/09/16 v1.2d Enhanced LaTeX Graphics (DPC,SPQR)
 (/usr/share/texlive/texmf-dist/tex/latex/graphics/graphics.sty
Package: graphics 2022/03/10 v1.4e Standard LaTeX Graphics (DPC,SPQR)
 (/usr/share/texlive/texmf-dist/tex/latex/graphics/trig.sty
Package: trig 2021/08/11 v1.11 sin cos tan (DPC)
) (/usr/share/texlive/texmf-dist/tex/latex/graphics-cfg/graphics.cfg
File: graphics.cfg 2016/06/04 v1.11 sample graphics configuration
)
Package graphics Info: Driver file: pdftex.def on input line 107.
 (/usr/share/texlive/texmf-dist/tex/latex/graphics-def/pdftex.def
File: pdftex.def 2022/09/22 v1.2b Graphics/color driver for pdftex
))
\Gin@req@height=\dimen176
\Gin@req@width=\dimen177
) (/usr/share/texlive/texmf-dist/tex/latex/float/float.sty
Package: float 2001/11/08 v1.3d Float enhancements (AL)
\c@float@type=\count277
\float@exts=\toks26
\float@box=\box59
\@float@everytoks=\toks27
\@floatcapt=\box60
) (/usr/share/texlive/texmf-dist/tex/latex/hyperref/hyperref.sty
Package: hyperref 2024-01-20 v7.01h Hypertext links for LaTeX
 (/usr/share/texlive/texmf-dist/tex/latex/kvsetkeys/kvsetkeys.sty
Package: kvsetkeys 2022-10-05 v1.19 Key value parser (HO)
) (/usr/share/texlive/texmf-dist/tex/generic/kvdefinekeys/kvdefinekeys.sty
Package: kvdefinekeys 2019-12-19 v1.6 Define keys (HO)
) (/usr/share/texlive/texmf-dist/tex/generic/pdfescape/pdfescape.sty
Package: pdfescape 2019/12/09 v1.15 Implements pdfTeX's escape features (HO)
 (/usr/share/texlive/texmf-dist/tex/generic/ltxcmds/ltxcmds.sty
Package: ltxcmds 2023-12-04 v1.26 LaTeX kernel commands for general use (HO)
) (/usr/share/texlive/texmf-dist/tex/generic/pdftexcmds/pdftexcmds.sty
Package: pdftexcmds 2020-06-27 v0.33 Utility functions of pdfTeX for LuaTeX (HO)
 (/usr/share/texlive/texmf-dist/tex/generic/infwarerr/infwarerr.sty
Package: infwarerr 2019/12/03 v1.5 Providing info/warning/error messages (HO)
)
Package pdftexcmds Info: \pdf@primitive is available.
Package pdftexcmds Info: \pdf@ifprimitive is available.
Package pdftexcmds Info: \pdfdraftmode found.
)) (/usr/share/texlive/texmf-dist/tex/latex/hycolor/hycolor.sty
Package: hycolor 2020-01-27 v1.10 Color options for hyperref/bookmark (HO)
) (/usr/share/texlive/texmf-dist/tex/latex/auxhook/auxhook.sty
Package: auxhook 2019-12-17 v1.6 Hooks for auxiliary files (HO)
) (/usr/share/texlive/texmf-dist/tex/latex/hyperref/nameref.sty
Package: nameref 2023-11-26 v2.56 Cross-referencing by name of section
 (/usr/share/texlive/texmf-dist/tex/latex/refcount/refcount.sty
Package: refcount 2019/12/15 v3.6 Data extraction from label references (HO)
) (/usr/share/texlive/texmf-dist/tex/generic/gettitlestring/gettitlestring.sty
Package: gettitlestring 2019/12/15 v1.6 Cleanup title references (HO)
 (/usr/share/texlive/texmf-dist/tex/latex/kvoptions/kvoptions.sty
Package: kvoptions 2022-06-15 v3.15 Key value format for package options (HO)
))
\c@section@level=\count278
) (/usr/share/texlive/texmf-dist/tex/latex/etoolbox/etoolbox.sty
Package: etoolbox 2020/10/05 v2.5k e-TeX tools for LaTeX (JAW)
\etb@tempcnta=\count279
)
\@linkdim=\dimen178
\Hy@linkcounter=\count280
\Hy@pagecounter=\count281
 (/usr/share/texlive/texmf-dist/tex/latex/hyperref/pd1enc.def
File: pd1enc.def 2024-01-20 v7.01h Hyperref: PDFDocEncoding definition (HO)
Now handling font encoding PD1 ...
... no UTF-8 mapping file for font encoding PD1
) (/usr/share/texlive/texmf-dist/tex/generic/intcalc/intcalc.sty
Package: intcalc 2019/12/15 v1.3 Expandable calculations with integers (HO)
)
\Hy@SavedSpaceFactor=\count282
 (/usr/share/texlive/texmf-dist/tex/latex/hyperref/puenc.def
File: puenc.def 2024-01-20 v7.01h Hyperref: PDF Unicode definition (HO)
Now handling font encoding PU ...
... no UTF-8 mapping file for font encoding PU
)
Package hyperref Info: Hyper figures OFF on input line 4179.
Package hyperref Info: Link nesting OFF on input line 4184.
Package hyperref Info: Hyper index ON on input line 4187.
Package hyperref Info: Plain pages OFF on input line 4194.
Package hyperref Info: Backreferencing OFF on input line 4199.
Package hyperref Info: Implicit mode ON; LaTeX internals redefined.
Package hyperref Info: Bookmarks ON on input line 4446.
\c@Hy@tempcnt=\count283
 (/usr/share/texlive/texmf-dist/tex/latex/url/url.sty
\Urlmuskip=\muskip16
Package: url 2013/09/16  ver 3.4  Verb mode for urls, etc.
)
LaTeX Info: Redefining \url on input line 4784.
\XeTeXLinkMargin=\dimen179
 (/usr/share/texlive/texmf-dist/tex/generic/bitset/bitset.sty
Package: bitset 2019/12/09 v1.3 Handle bit-vector datatype (HO)
 (/usr/share/texlive/texmf-dist/tex/generic/bigintcalc/bigintcalc.sty
Package: bigintcalc 2019/12/15 v1.5 Expandable calculations on big integers (HO)
))
\Fld@menulength=\count284
\Field@Width=\dimen180
\Fld@charsize=\dimen181
Package hyperref Info: Hyper figures OFF on input line 6063.
Package hyperref Info: Link nesting OFF on input line 6068.
Package hyperref Info: Hyper index ON on input line 6071.
Package hyperref Info: backreferencing OFF on input line 6078.
Package hyperref Info: Link coloring OFF on input line 6083.
Package hyperref Info: Link coloring with OCG OFF on input line 6088.
Package hyperref Info: PDF/A mode OFF on input line 6093.
 (/usr/share/texlive/texmf-dist/tex/latex/base/atbegshi-ltx.sty
Package: atbegshi-ltx 2021/01/10 v1.0c Emulation of the original atbegshi
package with kernel methods
)
\Hy@abspage=\count285
\c@Item=\count286
\c@Hfootnote=\count287
)
Package hyperref Info: Driver (autodetected): hpdftex.
 (/usr/share/texlive/texmf-dist/tex/latex/hyperref/hpdftex.def
File: hpdftex.def 2024-01-20 v7.01h Hyperref driver for pdfTeX
 (/usr/share/texlive/texmf-dist/tex/latex/base/atveryend-ltx.sty
Package: atveryend-ltx 2020/08/19 v1.0a Emulation of the original atveryend package
with kernel methods
)
\Fld@listcount=\count288
\c@bookmark@seq@number=\count289
 (/usr/share/texlive/texmf-dist/tex/latex/rerunfilecheck/rerunfilecheck.sty
Package: rerunfilecheck 2022-07-10 v1.10 Rerun checks for auxiliary files (HO)
 (/usr/share/texlive/texmf-dist/tex/generic/uniquecounter/uniquecounter.sty
Package: uniquecounter 2019/12/15 v1.4 Provide unlimited unique counter (HO)
)
Package uniquecounter Info: New unique counter `rerunfilecheck' on input line 285.
)
\Hy@SectionHShift=\skip58
) (/usr/share/texlive/texmf-dist/tex/latex/xcolor/xcolor.sty
Package: xcolor 2023/11/15 v3.01 LaTeX color extensions (UK)
 (/usr/share/texlive/texmf-dist/tex/latex/graphics-cfg/color.cfg
File: color.cfg 2016/01/02 v1.6 sample color configuration
)
Package xcolor Info: Driver file: pdftex.def on input line 274.
 (/usr/share/texlive/texmf-dist/tex/latex/graphics/mathcolor.ltx)
Package xcolor Info: Model `cmy' substituted by `cmy0' on input line 1350.
Package xcolor Info: Model `hsb' substituted by `rgb' on input line 1354.
Package xcolor Info: Model `RGB' extended on input line 1366.
Package xcolor Info: Model `HTML' substituted by `rgb' on input line 1368.
Package xcolor Info: Model `Hsb' substituted by `hsb' on input line 1369.
Package xcolor Info: Model `tHsb' substituted by `hsb' on input line 1370.
Package xcolor Info: Model `HSB' substituted by `hsb' on input line 1371.
Package xcolor Info: Model `Gray' substituted by `gray' on input line 1372.
Package xcolor Info: Model `wave' substituted by `hsb' on input line 1373.
) (/usr/share/texlive/texmf-dist/tex/latex/colortbl/colortbl.sty
Package: colortbl 2022/06/20 v1.0f Color table columns (DPC)
\everycr=\toks28
\minrowclearance=\skip59
\rownum=\count290
) (/usr/share/texlive/texmf-dist/tex/latex/fancyhdr/fancyhdr.sty
Package: fancyhdr 2022/11/09 v4.1 Extensive control of page headers and footers
\f@nch@headwidth=\skip60
\f@nch@O@elh=\skip61
\f@nch@O@erh=\skip62
\f@nch@O@olh=\skip63
\f@nch@O@orh=\skip64
\f@nch@O@elf=\skip65
\f@nch@O@erf=\skip66
\f@nch@O@olf=\skip67
\f@nch@O@orf=\skip68
)
Package hyperref Info: Option `colorlinks' set `true' on input line 34.
 (/usr/share/texlive/texmf-dist/tex/latex/l3backend/l3backend-pdftex.def
File: l3backend-pdftex.def 2024-01-04 L3 backend support: PDF output (pdfTeX)
\l__color_backend_stack_int=\count291
\l__pdf_internal_box=\box61
) (./RecipeBook_DB_Documentation.aux
LaTeX Info: Redefining \. on input line 11.
LaTeX Info: Redefining \% on input line 11.
)
\openout1 = `RecipeBook_DB_Documentation.aux'.

LaTeX Font Info:    Checking defaults for OML/cmm/m/it on input line 62.
LaTeX Font Info:    ... okay on input line 62.
LaTeX Font Info:    Checking defaults for OMS/cmsy/m/n on input line 62.
LaTeX Font Info:    ... okay on input line 62.
LaTeX Font Info:    Checking defaults for OT1/cmr/m/n on input line 62.
LaTeX Font Info:    ... okay on input line 62.
LaTeX Font Info:    Checking defaults for T1/cmr/m/n on input line 62.
LaTeX Font Info:    ... okay on input line 62.
LaTeX Font Info:    Checking defaults for TS1/cmr/m/n on input line 62.
LaTeX Font Info:    ... okay on input line 62.
LaTeX Font Info:    Checking defaults for OMX/cmex/m/n on input line 62.
LaTeX Font Info:    ... okay on input line 62.
LaTeX Font Info:    Checking defaults for U/cmr/m/n on input line 62.
LaTeX Font Info:    ... okay on input line 62.
LaTeX Font Info:    Checking defaults for PD1/pdf/m/n on input line 62.
LaTeX Font Info:    ... okay on input line 62.
LaTeX Font Info:    Checking defaults for PU/pdf/m/n on input line 62.
LaTeX Font Info:    ... okay on input line 62.
LaTeX Info: Redefining \. on input line 62.
LaTeX Info: Redefining \% on input line 62.

*geometry* driver: auto-detecting
*geometry* detected driver: pdftex
*geometry* verbose mode - [ preamble ] result:
* driver: pdftex
* paper: a4paper
* layout: <same size as paper>
* layoutoffset:(h,v)=(0.0pt,0.0pt)
* modes: 
* h-part:(L,W,R)=(71.13188pt, 455.24411pt, 71.13188pt)
* v-part:(T,H,B)=(71.13188pt, 702.78308pt, 71.13188pt)
* \paperwidth=597.50787pt
* \paperheight=845.04684pt
* \textwidth=455.24411pt
* \textheight=702.78308pt
* \oddsidemargin=-1.1381pt
* \evensidemargin=-1.1381pt
* \topmargin=-38.1381pt
* \headheight=12.0pt
* \headsep=25.0pt
* \topskip=12.0pt
* \footskip=30.0pt
* \marginparwidth=35.0pt
* \marginparsep=10.0pt
* \columnsep=10.0pt
* \skip\footins=10.8pt plus 4.0pt minus 2.0pt
* \hoffset=0.0pt
* \voffset=0.0pt
* \mag=1000
* \@twocolumnfalse
* \@twosidefalse
* \@mparswitchfalse
* \@reversemarginfalse
* (1in=72.27pt=25.4mm, 1cm=28.453pt)

(/usr/share/texlive/texmf-dist/tex/context/base/mkii/supp-pdf.mkii
[Loading MPS to PDF converter (version 2006.09.02).]
\scratchcounter=\count292
\scratchdimen=\dimen182
\scratchbox=\box62
\nofMPsegments=\count293
\nofMParguments=\count294
\everyMPshowfont=\toks29
\MPscratchCnt=\count295
\MPscratchDim=\dimen183
\MPnumerator=\count296
\makeMPintoPDFobject=\count297
\everyMPtoPDFconversion=\toks30
) (/usr/share/texlive/texmf-dist/tex/latex/epstopdf-pkg/epstopdf-base.sty
Package: epstopdf-base 2020-01-24 v2.11 Base part for package epstopdf
Package epstopdf-base Info: Redefining graphics rule for `.eps' on input line 485.
 (/usr/share/texlive/texmf-dist/tex/latex/latexconfig/epstopdf-sys.cfg
File: epstopdf-sys.cfg 2010/07/13 v1.3 Configuration of (r)epstopdf for TeX Live
))
Package hyperref Info: Link coloring ON on input line 62.
 (./RecipeBook_DB_Documentation.out) (./RecipeBook_DB_Documentation.out)
\@outlinefile=\write3
\openout3 = `RecipeBook_DB_Documentation.out'.

LaTeX Font Info:    External font `cmex10' loaded for size
(Font)              <12> on input line 85.
LaTeX Font Info:    External font `cmex10' loaded for size
(Font)              <8> on input line 85.
LaTeX Font Info:    External font `cmex10' loaded for size
(Font)              <6> on input line 85.
 [1

{/var/lib/texmf/fonts/map/pdftex/updmap/pdftex.map}{/usr/share/texmf/fonts/enc/dvips/cm-super/cm-super-t1.enc}] (./RecipeBook_DB_Documentation.toc
LaTeX Info: Redefining \. on input line 1.
LaTeX Info: Redefining \% on input line 1.
)
\tf@toc=\write4
\openout4 = `RecipeBook_DB_Documentation.toc'.



Package fancyhdr Warning: \headheight is too small (14.0pt): 
(fancyhdr)                Make it at least 14.49998pt, for example:
(fancyhdr)                \setlength{\headheight}{14.49998pt}.
(fancyhdr)                You might also make \topmargin smaller to compensate:
(fancyhdr)                \addtolength{\topmargin}{-0.49998pt}.


pdfTeX warning (ext4): destination with the same identifier (name{page.1}) has been already used, duplicate ignored
<to be read again> 
                   \relax 
l.136 \newpage
               [1]
LaTeX Font Info:    Trying to load font information for T1+cmtt on input line 158.
 (/usr/share/texlive/texmf-dist/tex/latex/base/t1cmtt.fd
File: t1cmtt.fd 2023/04/13 v2.5m Standard LaTeX font definitions
)
Overfull \hbox (5.03255pt too wide) in paragraph at lines 161--162
[]\T1/cmr/m/n/12 Acceso a da-tos me-dian-te JDBC di-rec-to y un pa-trón DAO cen-tra-li-za-do en \T1/cmtt/m/n/12 DAOFactory\T1/cmr/m/n/12 . 
 []


Underfull \hbox (badness 10000) in paragraph at lines 179--179
[]|\T1/cmr/m/n/10.95 PRIMARY KEY,
 []


Overfull \hbox (3.24359pt too wide) in paragraph at lines 181--181
[]|\T1/cmr/m/n/10.95 VARCHAR(50)| 
 []


Underfull \hbox (badness 2790) in paragraph at lines 181--181
[]|\T1/cmr/m/n/10.95 NOT NULL, UNI-
 []


Overfull \hbox (23.3208pt too wide) in alignment at lines 175--185
 [] [] [] [] 
 []


Underfull \hbox (badness 10000) in paragraph at lines 195--195
[]|\T1/cmr/m/n/10.95 PRIMARY KEY,
 []


Overfull \hbox (8.68753pt too wide) in paragraph at lines 197--197
[]|\T1/cmr/m/n/10.95 VARCHAR(255)| 
 []


Underfull \hbox (badness 2790) in paragraph at lines 197--197
[]|\T1/cmr/m/n/10.95 NOT NULL, UNI-
 []


Overfull \hbox (23.3208pt too wide) in alignment at lines 191--199
 [] [] [] [] 
 []


Package fancyhdr Warning: \headheight is too small (14.0pt): 
(fancyhdr)                Make it at least 14.49998pt, for example:
(fancyhdr)                \setlength{\headheight}{14.49998pt}.
(fancyhdr)                You might also make \topmargin smaller to compensate:
(fancyhdr)                \addtolength{\topmargin}{-0.49998pt}.

[2]
Underfull \hbox (badness 10000) in paragraph at lines 209--209
[]|\T1/cmr/m/n/10.95 PRIMARY KEY,
 []


Overfull \hbox (3.24359pt too wide) in paragraph at lines 211--211
[]|\T1/cmr/m/n/10.95 VARCHAR(50)| 
 []


Underfull \hbox (badness 2790) in paragraph at lines 211--211
[]|\T1/cmr/m/n/10.95 NOT NULL, UNI-
 []


Overfull \hbox (23.3208pt too wide) in alignment at lines 205--213
 [] [] [] [] 
 []


Underfull \hbox (badness 10000) in paragraph at lines 223--223
[]|\T1/cmr/m/n/10.95 PRIMARY KEY,
 []


Overfull \hbox (3.24359pt too wide) in paragraph at lines 225--225
[]|\T1/cmr/m/n/10.95 VARCHAR(50)| 
 []


Underfull \hbox (badness 2790) in paragraph at lines 225--225
[]|\T1/cmr/m/n/10.95 NOT NULL, UNI-
 []


Overfull \hbox (23.3208pt too wide) in alignment at lines 219--227
 [] [] [] [] 
 []


Underfull \hbox (badness 10000) in paragraph at lines 237--237
[]|\T1/cmr/m/n/10.95 PRIMARY KEY,
 []


Overfull \hbox (8.68753pt too wide) in paragraph at lines 239--239
[]|\T1/cmr/m/n/10.95 VARCHAR(100)| 
 []


Underfull \hbox (badness 2790) in paragraph at lines 239--239
[]|\T1/cmr/m/n/10.95 NOT NULL, UNI-
 []


Underfull \hbox (badness 10000) in paragraph at lines 241--241
[]|\T1/cmr/m/n/10.95 NOT NULL, FO-
 []


Overfull \hbox (23.3208pt too wide) in alignment at lines 233--243
 [] [] [] [] 
 []


Underfull \hbox (badness 10000) in paragraph at lines 253--253
[]|\T1/cmr/m/n/10.95 NOT NULL, FO-
 []


Underfull \hbox (badness 10000) in paragraph at lines 255--255
[]|\T1/cmr/m/n/10.95 NOT NULL, FO-
 []


Overfull \hbox (23.3208pt too wide) in alignment at lines 249--257
 [] [] [] [] 
 []


Package fancyhdr Warning: \headheight is too small (14.0pt): 
(fancyhdr)                Make it at least 14.49998pt, for example:
(fancyhdr)                \setlength{\headheight}{14.49998pt}.
(fancyhdr)                You might also make \topmargin smaller to compensate:
(fancyhdr)                \addtolength{\topmargin}{-0.49998pt}.

[3]
Underfull \hbox (badness 10000) in paragraph at lines 267--267
[]|\T1/cmr/m/n/10.95 PRIMARY KEY,
 []


Overfull \hbox (3.24359pt too wide) in paragraph at lines 269--269
[]|\T1/cmr/m/n/10.95 VARCHAR(20)| 
 []


Overfull \hbox (3.24359pt too wide) in paragraph at lines 271--271
[]|\T1/cmr/m/n/10.95 VARCHAR(20)| 
 []


Overfull \hbox (3.24359pt too wide) in paragraph at lines 273--273
[]|\T1/cmr/m/n/10.95 VARCHAR(20)| 
 []


Overfull \hbox (3.24359pt too wide) in paragraph at lines 275--275
[]|\T1/cmr/m/n/10.95 VARCHAR(20)| 
 []


Overfull \hbox (3.24359pt too wide) in paragraph at lines 277--277
[]|\T1/cmr/m/n/10.95 VARCHAR(70)| 
 []


Underfull \hbox (badness 2790) in paragraph at lines 277--277
[]|\T1/cmr/m/n/10.95 NOT NULL, UNI-
 []


Overfull \hbox (8.68753pt too wide) in paragraph at lines 279--279
[]|\T1/cmr/m/n/10.95 VARCHAR(100)| 
 []


Underfull \hbox (badness 2790) in paragraph at lines 279--279
[]|\T1/cmr/m/n/10.95 NOT NULL, UNI-
 []


Overfull \hbox (8.68753pt too wide) in paragraph at lines 281--281
[]|\T1/cmr/m/n/10.95 VARCHAR(100)| 
 []


Underfull \hbox (badness 10000) in paragraph at lines 283--283
[]|\T1/cmr/m/n/10.95 NULL, FO-REIGN
 []


Underfull \hbox (badness 10000) in paragraph at lines 285--285
[]|\T1/cmr/m/n/10.95 NOT NULL, FO-
 []


Overfull \hbox (23.3208pt too wide) in alignment at lines 263--287
 [] [] [] [] 
 []


Underfull \hbox (badness 10000) in paragraph at lines 297--297
[]|\T1/cmr/m/n/10.95 PRIMARY KEY,
 []


Overfull \hbox (8.68753pt too wide) in paragraph at lines 299--299
[]|\T1/cmr/m/n/10.95 VARCHAR(100)| 
 []


Underfull \hbox (badness 10000) in paragraph at lines 305--305
[]|\T1/cmr/m/n/10.95 NOT NULL, FO-
 []


Underfull \hbox (badness 10000) in paragraph at lines 307--307
[]|\T1/cmr/m/n/10.95 NULL, FO-REIGN
 []


Overfull \hbox (23.3208pt too wide) in alignment at lines 293--309
 [] [] [] [] 
 []


Underfull \hbox (badness 10000) in paragraph at lines 319--319
[]|\T1/cmr/m/n/10.95 PRIMARY KEY,
 []


Underfull \hbox (badness 10000) in paragraph at lines 321--321
[]|\T1/cmr/m/n/10.95 NOT NULL, FO-
 []


Underfull \hbox (badness 10000) in paragraph at lines 325--325
[]|\T1/cmr/m/n/10.95 NULL, FO-REIGN
 []


Overfull \hbox (23.3208pt too wide) in alignment at lines 315--327
 [] [] [] [] 
 []


Package fancyhdr Warning: \headheight is too small (14.0pt): 
(fancyhdr)                Make it at least 14.49998pt, for example:
(fancyhdr)                \setlength{\headheight}{14.49998pt}.
(fancyhdr)                You might also make \topmargin smaller to compensate:
(fancyhdr)                \addtolength{\topmargin}{-0.49998pt}.

[4]
Underfull \hbox (badness 10000) in paragraph at lines 337--337
[]|\T1/cmr/m/n/10.95 PRIMARY KEY,
 []


Underfull \hbox (badness 10000) in paragraph at lines 339--339
[]|\T1/cmr/m/n/10.95 NOT NULL, FO-
 []


Underfull \hbox (badness 10000) in paragraph at lines 341--341
[]|\T1/cmr/m/n/10.95 NULL, FO-REIGN
 []


Underfull \hbox (badness 1052) in paragraph at lines 341--342
[]|\T1/cmr/m/n/10.95 Referencia al pa-so aso-cia-do
 []


Overfull \hbox (8.68753pt too wide) in paragraph at lines 343--343
[]|\T1/cmr/m/n/10.95 VARCHAR(255)| 
 []


Overfull \hbox (23.3208pt too wide) in alignment at lines 333--345
 [] [] [] [] 
 []


Underfull \hbox (badness 10000) in paragraph at lines 355--355
[]|\T1/cmr/m/n/10.95 PRIMARY KEY,
 []


Underfull \hbox (badness 10000) in paragraph at lines 357--357
[]|\T1/cmr/m/n/10.95 NOT NULL, FO-
 []


Underfull \hbox (badness 10000) in paragraph at lines 359--359
[]|\T1/cmr/m/n/10.95 NOT NULL, FO-
 []


Overfull \hbox (8.68753pt too wide) in paragraph at lines 361--361
[]|\T1/cmr/m/n/10.95 VARCHAR(255)| 
 []


Overfull \hbox (23.3208pt too wide) in alignment at lines 351--363
 [] [] [] [] 
 []


Underfull \hbox (badness 10000) in paragraph at lines 373--373
[]|\T1/cmr/m/n/10.95 PRIMARY KEY,
 []


Underfull \hbox (badness 10000) in paragraph at lines 375--375
[]|\T1/cmr/m/n/10.95 NOT NULL, FO-
 []


Underfull \hbox (badness 10000) in paragraph at lines 377--377
[]|\T1/cmr/m/n/10.95 NOT NULL, FO-
 []


Underfull \hbox (badness 10000) in paragraph at lines 381--381
[]|\T1/cmr/m/n/10.95 DEFAULT CU-
 []


Underfull \hbox (badness 10000) in paragraph at lines 381--381
\T1/cmr/m/n/10.95 RRENT_DATE,
 []


Overfull \hbox (23.3208pt too wide) in alignment at lines 369--385
 [] [] [] [] 
 []


Package fancyhdr Warning: \headheight is too small (14.0pt): 
(fancyhdr)                Make it at least 14.49998pt, for example:
(fancyhdr)                \setlength{\headheight}{14.49998pt}.
(fancyhdr)                You might also make \topmargin smaller to compensate:
(fancyhdr)                \addtolength{\topmargin}{-0.49998pt}.

[5]
Underfull \hbox (badness 10000) in paragraph at lines 395--395
[]|\T1/cmr/m/n/10.95 NOT NULL, FO-
 []


Underfull \hbox (badness 10000) in paragraph at lines 397--397
[]|\T1/cmr/m/n/10.95 NOT NULL, FO-
 []


Overfull \hbox (23.3208pt too wide) in alignment at lines 391--399
 [] [] [] [] 
 []


Package fancyhdr Warning: \headheight is too small (14.0pt): 
(fancyhdr)                Make it at least 14.49998pt, for example:
(fancyhdr)                \setlength{\headheight}{14.49998pt}.
(fancyhdr)                You might also make \topmargin smaller to compensate:
(fancyhdr)                \addtolength{\topmargin}{-0.49998pt}.

[6]

Package fancyhdr Warning: \headheight is too small (14.0pt): 
(fancyhdr)                Make it at least 14.49998pt, for example:
(fancyhdr)                \setlength{\headheight}{14.49998pt}.
(fancyhdr)                You might also make \topmargin smaller to compensate:
(fancyhdr)                \addtolength{\topmargin}{-0.49998pt}.

[7]

Package fancyhdr Warning: \headheight is too small (14.0pt): 
(fancyhdr)                Make it at least 14.49998pt, for example:
(fancyhdr)                \setlength{\headheight}{14.49998pt}.
(fancyhdr)                You might also make \topmargin smaller to compensate:
(fancyhdr)                \addtolength{\topmargin}{-0.49998pt}.

[8] (./RecipeBook_DB_Documentation.aux
LaTeX Info: Redefining \. on input line 11.
LaTeX Info: Redefining \% on input line 11.
)
 ***********
LaTeX2e <2023-11-01> patch level 1
L3 programming layer <2024-01-22>
 ***********
Package rerunfilecheck Info: File `RecipeBook_DB_Documentation.out' has not changed.
(rerunfilecheck)             Checksum: 3145A65E399C533661E17019C84AD73D;3467.
 ) 
Here is how much of TeX's memory you used:
 11966 strings out of 474222
 185380 string characters out of 5748733
 1964975 words of memory out of 5000000
 34027 multiletter control sequences out of 15000+600000
 569158 words of font info for 57 fonts, out of 8000000 for 9000
 1141 hyphenation exceptions out of 8191
 75i,11n,79p,391b,597s stack positions out of 10000i,1000n,20000p,200000b,200000s
</usr/share/texmf/fonts/type1/public/cm-super/sfbx1095.pfb></usr/share/texmf/fonts/type1/public/cm-super/sfbx1200.pfb></usr/share/texmf/fonts/type1/public/cm-super/sfbx1440.pfb></usr/share/texmf/fonts/type1/public/cm-super/sfbx1728.pfb></usr/share/texmf/fonts/type1/public/cm-super/sfbx2488.pfb></usr/share/texmf/fonts/type1/public/cm-super/sfrm1095.pfb></usr/share/texmf/fonts/type1/public/cm-super/sfrm1200.pfb></usr/share/texmf/fonts/type1/public/cm-super/sfrm1728.pfb></usr/share/texmf/fonts/type1/public/cm-super/sftt1095.pfb></usr/share/texmf/fonts/type1/public/cm-super/sftt1200.pfb>
Output written on RecipeBook_DB_Documentation.pdf (9 pages, 237165 bytes).
PDF statistics:
 232 PDF objects out of 1000 (max. 8388607)
 199 compressed objects within 2 object streams
 44 named destinations out of 1000 (max. 500000)
 177 words of extra memory for PDF output out of 10000 (max. 10000000)

